// Jest Snapshot v1, https://goo.gl/fbAQLP

exports[`modules/Dashboard/subcomponents/RightSidebar.jsx should render the RightSidebar component 1`] = `
<div
  className="sidebar"
>
  <div
    className="game-information"
  >
    <br />
    <div>
      Move Count: 
      0
    </div>
    <br />
    <div>
      Turn: 
      White
    </div>
    <br />
    <div
      className="error hidden"
    />
  </div>
</div>
`;
